plpflags gen --input=wolfe@config_file=chips/wolfe/wolfe.json  --config=platform=gvsoc  --config=**/rt/type=pulp-rt --output-dir=/home/vega/Documents/multispectral-riemannian/test/cl/fpu/build/wolfe --makefile=/home/vega/Documents/multispectral-riemannian/test/cl/fpu/build/wolfe/config.mk    --app=test 
rm -rf /home/vega/Documents/multispectral-riemannian/test/cl/fpu/build/wolfe/test/test /home/vega/Documents/multispectral-riemannian/test/cl/fpu/build/wolfe/test/cl/cluster.o   /home/vega/Documents/multispectral-riemannian/test/cl/fpu/build/wolfe/test/fc/test.o /home/vega/Documents/multispectral-riemannian/test/cl/fpu/build/wolfe/test/fc//home/vega/Documents/multispectral-riemannian/test/cl/fpu/build/wolfe/rt_conf.o /home/vega/Documents/multispectral-riemannian/test/cl/fpu/build/wolfe/test/fc//home/vega/Documents/multispectral-riemannian/test/cl/fpu/build/wolfe/rt_pad_conf.o  
plpflags gen --input=wolfe@config_file=chips/wolfe/wolfe.json  --config=platform=gvsoc  --config=**/rt/type=pulp-rt --output-dir=/home/vega/Documents/multispectral-riemannian/test/cl/fpu/build/wolfe --makefile=/home/vega/Documents/multispectral-riemannian/test/cl/fpu/build/wolfe/config.mk    --app=test 
plpconf --input=wolfe@config_file=chips/wolfe/wolfe.json  --config=platform=gvsoc  --config=**/rt/type=pulp-rt --output=/home/vega/Documents/multispectral-riemannian/test/cl/fpu/build/wolfe/config.json 
/usr/lib/gap_riscv_toolchain/bin/riscv32-unknown-elf-gcc  -march=rv32imfcxpulpv2 -mfdiv -D__riscv__ -O3 -g  -DUSE_FUSED_FPU  -fdata-sections -ffunction-sections -I/home/vega/pulp-sdk/pkg/sdk/dev/install/include/io -I/home/vega/pulp-sdk/pkg/sdk/dev/install/include -include /home/vega/Documents/multispectral-riemannian/test/cl/fpu/build/wolfe/cl_config.h    -MMD -MP -c cluster.c -o /home/vega/Documents/multispectral-riemannian/test/cl/fpu/build/wolfe/test/cl/cluster.o
/usr/lib/gap_riscv_toolchain/bin/riscv32-unknown-elf-gcc  -march=rv32imcxpulpslim -DRV_ISA_RV32=1 -D__riscv__ -O3 -g  -DUSE_FUSED_FPU  -fdata-sections -ffunction-sections -I/home/vega/pulp-sdk/pkg/sdk/dev/install/include/io -I/home/vega/pulp-sdk/pkg/sdk/dev/install/include -include /home/vega/Documents/multispectral-riemannian/test/cl/fpu/build/wolfe/fc_config.h    -MMD -MP -c test.c -o /home/vega/Documents/multispectral-riemannian/test/cl/fpu/build/wolfe/test/fc/test.o
/usr/lib/gap_riscv_toolchain/bin/riscv32-unknown-elf-gcc  -march=rv32imcxpulpslim -DRV_ISA_RV32=1 -D__riscv__ -O3 -g  -DUSE_FUSED_FPU  -fdata-sections -ffunction-sections -I/home/vega/pulp-sdk/pkg/sdk/dev/install/include/io -I/home/vega/pulp-sdk/pkg/sdk/dev/install/include -include /home/vega/Documents/multispectral-riemannian/test/cl/fpu/build/wolfe/fc_config.h    -MMD -MP -c /home/vega/Documents/multispectral-riemannian/test/cl/fpu/build/wolfe/rt_conf.c -o /home/vega/Documents/multispectral-riemannian/test/cl/fpu/build/wolfe/test/fc//home/vega/Documents/multispectral-riemannian/test/cl/fpu/build/wolfe/rt_conf.o
/usr/lib/gap_riscv_toolchain/bin/riscv32-unknown-elf-gcc  -march=rv32imcxpulpslim -DRV_ISA_RV32=1 -D__riscv__ -O3 -g  -DUSE_FUSED_FPU  -fdata-sections -ffunction-sections -I/home/vega/pulp-sdk/pkg/sdk/dev/install/include/io -I/home/vega/pulp-sdk/pkg/sdk/dev/install/include -include /home/vega/Documents/multispectral-riemannian/test/cl/fpu/build/wolfe/fc_config.h    -MMD -MP -c /home/vega/Documents/multispectral-riemannian/test/cl/fpu/build/wolfe/rt_pad_conf.c -o /home/vega/Documents/multispectral-riemannian/test/cl/fpu/build/wolfe/test/fc//home/vega/Documents/multispectral-riemannian/test/cl/fpu/build/wolfe/rt_pad_conf.o
mkdir -p `dirname /home/vega/Documents/multispectral-riemannian/test/cl/fpu/build/wolfe/test/test`
/usr/lib/gap_riscv_toolchain/bin/riscv32-unknown-elf-gcc -march=rv32imfcxpulpv2 -mfdiv -D__riscv__ -MMD -MP -o /home/vega/Documents/multispectral-riemannian/test/cl/fpu/build/wolfe/test/test /home/vega/Documents/multispectral-riemannian/test/cl/fpu/build/wolfe/test/cl/cluster.o /home/vega/Documents/multispectral-riemannian/test/cl/fpu/build/wolfe/test/fc/test.o /home/vega/Documents/multispectral-riemannian/test/cl/fpu/build/wolfe/test/fc//home/vega/Documents/multispectral-riemannian/test/cl/fpu/build/wolfe/rt_conf.o /home/vega/Documents/multispectral-riemannian/test/cl/fpu/build/wolfe/test/fc//home/vega/Documents/multispectral-riemannian/test/cl/fpu/build/wolfe/rt_pad_conf.o -lplpdsp -lm  -nostartfiles -nostdlib -Wl,--gc-sections -L/home/vega/pulp-sdk/pkg/sdk/dev/install/rules -Twolfe/link.ld -L/home/vega/pulp-sdk/pkg/sdk/dev/install/lib/wolfe -L/home/vega/pulp-sdk/pkg/sdk/dev/install/lib/wolfe/wolfe -lrt -lrtio -lrt -lgcc
pulp-run --config-file=wolfe@config_file=chips/wolfe/wolfe.json  --config-opt=platform=gvsoc  --config-opt=**/rt/type=pulp-rt  --config-opt=**/rt/type=pulp-rt --dir=/home/vega/Documents/multispectral-riemannian/test/cl/fpu/build/wolfe --binary=test/test prepare
pulp-run --config-file=wolfe@config_file=chips/wolfe/wolfe.json  --config-opt=platform=gvsoc  --config-opt=**/rt/type=pulp-rt  --config-opt=**/rt/type=pulp-rt --dir=/home/vega/Documents/multispectral-riemannian/test/cl/fpu/build/wolfe --binary=test/test
## add: 0: 0xbf565d50
## add: 1: 0xbf3821fc
## add: 2: 0xbf4284c0
## add: 3: 0xbf88b6f1
## add: 4: 0xbfcba6d7
## add: 5: 0x3feefd08
## add: 6: 0xbfba845a
## add: 7: 0xc0800491
## add: 8: 0xc0055a88
## add: 9: 0x3fe2d2c0
## sub: 0: 0x3e133804
## sub: 1: 0xbf474f58
## sub: 2: 0xc00e8d81
## sub: 3: 0xc04ca1d2
## sub: 4: 0x3fdcd01f
## sub: 5: 0xbeb4ef8a
## sub: 6: 0x3fed7038
## sub: 7: 0x3fa6fbe8
## sub: 8: 0xbedcf59e
## sub: 9: 0x3eaaf3f8
## mul: 0: 0x3e2e358e
## mul: 1: 0xbcb5dca1
## mul: 2: 0xbf8c48e4
## mul: 3: 0xc0115193
## mul: 4: 0xbde3a2c3
## mul: 5: 0x3f571d58
## mul: 6: 0xbea8a8c3
## mul: 7: 0x4064d75a
## mul: 8: 0x3f84f8ab
## mul: 9: 0x3f41d63a
## div: 0: 0x3f34f990
## div: 1: 0xc1ca1d8a
## div: 2: 0xc00245f6
## div: 3: 0xc00034e1
## div: 4: 0xbd259a48
## div: 5: 0x3f2e83eb
## div: 6: 0xbdf5fc53
## div: 7: 0x3f021891
## div: 8: 0x3fc2df6b
## div: 9: 0x3fbb6f39
## sqrt: 0: 0x3f0e39a2
## sqrt: 1: 0x3f4e1a4f
## sqrt: 2: 0x3f5792cf
## sqrt: 3: 0x3e63f71e
## sqrt: 4: 0x3f9d5bd2
## sqrt: 5: 0x3f6935d3
## sqrt: 6: 0x3f97a93f
## sqrt: 7: 0x3fa777dc
## sqrt: 8: 0x3f315876
## sqrt: 9: 0x3fafe2ce
## madd: 0: 0x3ef522c1
## madd: 1: 0x3f203f75
## madd: 2: 0xbec613b7
## madd: 3: 0xc00e2593
## madd: 4: 0x3fb33955
## madd: 5: 0x3fd5c82f
## madd: 6: 0x3f898800
## madd: 7: 0x40a93279
## madd: 8: 0x3fc26663
## madd: 9: 0x40294d6d
## msub: 0: 0xbe0dda66
## msub: 1: 0xbf2b9d3f
## msub: 2: 0xbfe70cda
## msub: 3: 0xc0147d94
## msub: 4: 0xbfcfadad
## msub: 5: 0x3c2a949a
## msub: 6: 0xbfdddc62
## msub: 7: 0x3fee9383
## msub: 8: 0x3f0f15e4
## msub: 9: 0xbf90c4a0
## nmadd: 0: 0xbef522c1
## nmadd: 1: 0xbf203f75
## nmadd: 2: 0x3ec613b7
## nmadd: 3: 0x400e2593
## nmadd: 4: 0xbfb33955
## nmadd: 5: 0xbfd5c82f
## nmadd: 6: 0xbf898800
## nmadd: 7: 0xc0a93279
## nmadd: 8: 0xbfc26663
## nmadd: 9: 0xc0294d6d
## nmsub: 0: 0x3e0dda66
## nmsub: 1: 0x3f2b9d3f
## nmsub: 2: 0x3fe70cda
## nmsub: 3: 0x40147d94
## nmsub: 4: 0x3fcfadad
## nmsub: 5: 0xbc2a949a
## nmsub: 6: 0x3fdddc62
## nmsub: 7: 0xbfee9383
## nmsub: 8: 0xbf0f15e4
## nmsub: 9: 0x3f90c4a0
## fcvt: 0: 0xcee155fe
## fcvt: 1: 0x4e46ab0c
## fcvt: 2: 0xce28e84c
## fcvt: 3: 0xce8cb602
## fcvt: 4: 0xce29a054
## fcvt: 5: 0x4ebba0ea
## fcvt: 6: 0xcee74913
## fcvt: 7: 0x4e9656f4
## fcvt: 8: 0x4ee0ac9b
## fcvt: 9: 0xced98679
